Device: cuda
GPU: NVIDIA GeForce RTX 4090
VRAM: 23.5 GB

Split 3-5: running configs 3-5 (3 of 6)

Running 3 configurations:
   1. rfgsa_norm_softmax_s4
   2. rfgsa_norm_softmax_s8
   3. rfgsa_norm_softmax_s16

======================================================================
Config: rfgsa_norm_softmax_s4
  attn=rfgsa_norm_softmax  h=512  E=8  s=4  r=32  layers=6  lr=0.0003
======================================================================
  train: 10,999,504 tokens -> 21,483 sequences
  validation: 248,309 tokens -> 484 sequences
  Parameters: 45,430,320
  Epoch  1/10  train=16.8817  val=7.1886  ppl=1324.2  best_val=7.1886  [101.2s]
  Epoch  2/10  train=6.8011  val=6.4921  ppl=659.9  best_val=6.4921  [202.6s]
  Epoch  3/10  train=6.3267  val=6.2196  ppl=502.5  best_val=6.2196  [304.2s]
  Epoch  4/10  train=6.0865  val=6.0617  ppl=429.1  best_val=6.0617  [405.9s]
  Epoch  5/10  train=5.9223  val=5.9621  ppl=388.4  best_val=5.9621  [507.4s]
  Epoch  6/10  train=5.7956  val=5.8949  ppl=363.2  best_val=5.8949  [608.8s]
  Epoch  7/10  train=5.7053  val=5.8451  ppl=345.5  best_val=5.8451  [710.1s]
  Epoch  8/10  train=5.6342  val=5.8159  ppl=335.6  best_val=5.8159  [811.5s]
  Epoch  9/10  train=5.5891  val=5.8029  ppl=331.3  best_val=5.8029  [912.8s]
  Epoch 10/10  train=5.5688  val=5.8030  ppl=331.3  best_val=5.8029  [1014.1s]
  DONE in 1014.1s  best_val=5.8029  ppl=331.3
  [saved 1/3 to ablation_results/rfgsa_ablation_softmax_norm.json]

======================================================================
Config: rfgsa_norm_softmax_s8
  attn=rfgsa_norm_softmax  h=512  E=8  s=8  r=32  layers=6  lr=0.0003
======================================================================
  train: 10,999,504 tokens -> 21,483 sequences
  validation: 248,309 tokens -> 484 sequences
  Parameters: 45,430,320
  Epoch  1/10  train=16.4733  val=7.1051  ppl=1218.2  best_val=7.1051  [94.7s]
  Epoch  2/10  train=6.7566  val=6.4225  ppl=615.5  best_val=6.4225  [189.3s]
  Epoch  3/10  train=6.3132  val=6.2216  ppl=503.5  best_val=6.2216  [283.9s]
  Epoch  4/10  train=6.1039  val=6.0936  ppl=443.0  best_val=6.0936  [378.5s]
  Epoch  5/10  train=5.9630  val=6.0076  ppl=406.5  best_val=6.0076  [473.1s]
  Epoch  6/10  train=5.8568  val=5.9551  ppl=385.7  best_val=5.9551  [567.7s]
  Epoch  7/10  train=5.7737  val=5.9003  ppl=365.1  best_val=5.9003  [662.3s]
  Epoch  8/10  train=5.7142  val=5.8782  ppl=357.2  best_val=5.8782  [756.9s]
  Epoch  9/10  train=5.6745  val=5.8706  ppl=354.5  best_val=5.8706  [851.6s]
  Epoch 10/10  train=5.6548  val=5.8692  ppl=354.0  best_val=5.8692  [946.2s]
  DONE in 946.2s  best_val=5.8692  ppl=354.0
  [saved 2/3 to ablation_results/rfgsa_ablation_softmax_norm.json]

======================================================================
Config: rfgsa_norm_softmax_s16
  attn=rfgsa_norm_softmax  h=512  E=8  s=16  r=32  layers=6  lr=0.0003
======================================================================
  train: 10,999,504 tokens -> 21,483 sequences
  validation: 248,309 tokens -> 484 sequences
  Parameters: 45,430,320
  Epoch  1/10  train=16.6294  val=7.2020  ppl=1342.1  best_val=7.2020  [90.3s]
  Epoch  2/10  train=6.7458  val=6.4561  ppl=636.6  best_val=6.4561  [180.6s]
  Epoch  3/10  train=6.3130  val=6.2477  ppl=516.8  best_val=6.2477  [271.0s]
  Epoch  4/10  train=6.1078  val=6.1088  ppl=449.8  best_val=6.1088  [361.4s]
  Epoch  5/10  train=5.9716  val=6.0095  ppl=407.3  best_val=6.0095  [451.8s]
  Epoch  6/10  train=5.8678  val=5.9587  ppl=387.1  best_val=5.9587  [542.1s]
  Epoch  7/10  train=5.7908  val=5.9111  ppl=369.1  best_val=5.9111  [632.5s]
  Epoch  8/10  train=5.7345  val=5.8904  ppl=361.6  best_val=5.8904  [722.6s]
  Epoch  9/10  train=5.6973  val=5.8810  ppl=358.2  best_val=5.8810  [813.0s]
  Epoch 10/10  train=5.6785  val=5.8787  ppl=357.4  best_val=5.8787  [903.4s]
  DONE in 903.4s  best_val=5.8787  ppl=357.4
  [saved 3/3 to ablation_results/rfgsa_ablation_softmax_norm.json]

All results saved to ablation_results/rfgsa_ablation_softmax_norm.json

==========================================================================================
Name                           |     Params |  Best Val |      PPL |    Time
-------------------------------+------------+-----------+----------+--------
rfgsa_norm_softmax_s4          | 45,430,320 |    5.8029 |    331.3 | 1014.1s
rfgsa_norm_softmax_s8          | 45,430,320 |    5.8692 |    354.0 |  946.2s
rfgsa_norm_softmax_s16         | 45,430,320 |    5.8787 |    357.4 |  903.4s
==========================================================================================
